// Jest Snapshot v1, https://goo.gl/fbAQLP

exports[`renders correctly 1`] = `
<Text
  style={
    Object {
      "color": "#e8193f",
      "fontSize": 16,
      "fontWeight": "600",
      "marginBottom": 20,
    }
  }
>
  Error
</Text>
`;
