// Jest Snapshot v1, https://goo.gl/fbAQLP

exports[`renders correctly 1`] = `
<Text
  onPress={[MockFunction]}
  style={
    Object {
      "color": "#183bdb",
      "fontSize": 16,
      "fontWeight": "600",
    }
  }
>
  Sign Up
</Text>
`;
